[dayday.plus/index.html]
[backblue.gif]
[fade.gif]
[index.html]
[dayday.plus/feed]
[dayday.plus/comments/feed]
[dayday.plus/wp-includes/js/jquery/jqueryb8ff.js]
[dayday.plus/wp-includes/js/jquery/jquery-migrate.min330a.js]
[dayday.plus/wp-content/plugins/wp-countup-js/public/js/countUpcce7.js]
[dayday.plus/wp-content/plugins/wp-countup-js/public/js/wp-countup-show-countercce7.js]
[dayday.plus/wp-includes/js/mediaelement/mediaelement-and-player.min45a0.js]
[dayday.plus/wp-includes/js/mediaelement/mediaelement-migrate.minc8f9.js]
[dayday.plus/xmlrpc0db0.php]
[dayday.plus/wp-json/index.html]
[dayday.plus/wp-includes/wlwmanifest.xml]
[dayday.plus/wp-content/uploads/2018/09/hp-150x150.jpg]
[dayday.plus/wp-content/uploads/2018/09/hp.jpg]
[www.google-analytics.com/analytics.js]
[dayday.plus/archives/category/绘画.html]
[dayday.plus/archives/category/相片.html]
[dayday.plus/special.html]
[dayday.plus/足迹.html]
[dayday.plus/archives-557.html]
[dayday.plus/friends.html]
[dayday.plus/all-posts.html]
[dayday.plus/关于.html]
[dayday.plus/world.html]
[dayday.plus/archives/category/网站.html]
[dayday.plus/archives/893.html]
[dayday.plus/archives/date/2019/12/15.html]
[dayday.plus/archives/category/留学.html]
[dayday.plus/archives/859.html]
[dayday.plus/archives/date/2019/12/11.html]
[i.loli.net/2019/11/06/VIecaCu6yP9nU5s.jpg]
[dayday.plus/archives/797.html]
[dayday.plus/archives/date/2019/11/06.html]
[i.loli.net/2019/09/30/ejK6nFC8U2iDx94.jpg]
[dayday.plus/archives/740.html]
[dayday.plus/archives/category/生活.html]
[dayday.plus/archives/date/2019/09/30.html]
[dayday.plus/archives/642.html]
[dayday.plus/archives/date/2019/08/31.html]
[dayday.plus/wp-content/uploads/2019/08/SAI头像练习.jpg]
[dayday.plus/archives/610.html]
[dayday.plus/archives/date/2019/08/30.html]
[dayday.plus/archives/category/阅读.html]
[dayday.plus/archives/530.html]
[dayday.plus/archives/date/2019/05/12.html]
[dayday.plus/archives/520.html]
[dayday.plus/archives/date/2019/05/11.html]
[dayday.plus/archives/494.html]
[dayday.plus/archives/date/2019/03/12.html]
[dayday.plus/archives/category/书影和其他.html]
[dayday.plus/archives/435.html]
[dayday.plus/archives/date/2019/01/25.html]
[dayday.plus/page/2.html]
[dayday.plus/page/5.html]
[dayday.plus/wp-content/themes/minimal-grid/assets/thememattic/js/skip-link-focus-fix4a7d.js]
[dayday.plus/wp-content/themes/minimal-grid/assets/lib/bootstrap/js/bootstrap.minc8f9.js]
[dayday.plus/wp-content/themes/minimal-grid/assets/lib/slick/js/slick.minc8f9.js]
[dayday.plus/wp-content/themes/minimal-grid/assets/lib/magnific-popup/jquery.magnific-popup.minc8f9.js]
[dayday.plus/wp-includes/js/imagesloaded.min55a0.js]
[dayday.plus/wp-includes/js/masonry.mind617.js]
[dayday.plus/wp-content/themes/minimal-grid/assets/lib/theiaStickySidebar/theia-sticky-sidebar.minc8f9.js]
[dayday.plus/wp-includes/js/mediaelement/wp-mediaelement.minc8f9.js]
[dayday.plus/wp-content/themes/minimal-grid/assets/thememattic/js/scriptc8f9.js]
[dayday.plus/wp-content/plugins/page-links-to/dist/new-tabdeae.js]
[dayday.plus/wp-includes/js/wp-embed.minc8f9.js]
[dayday.plus/index.html]
[dayday.plus/wp-content/themes/minimal-grid/assets/lib/ionicons/fonts/ionicons28b5.eot]
[dayday.plus/wp-content/themes/minimal-grid/assets/lib/ionicons/fonts/ionicons28b5.ttf]
[dayday.plus/wp-content/themes/minimal-grid/assets/lib/ionicons/fonts/ionicons28b5.woff]
[dayday.plus/wp-content/themes/minimal-grid/assets/lib/ionicons/css/ionicons.minc8f9.css]
[dayday.plus/wp-content/themes/minimal-grid/assets/lib/bootstrap/fonts/glyphicons-halflings-regular.eot]
[dayday.plus/wp-content/themes/minimal-grid/assets/lib/bootstrap/fonts/glyphicons-halflings-regulard41d.eot]
[dayday.plus/wp-content/themes/minimal-grid/assets/lib/bootstrap/fonts/glyphicons-halflings-regular.woff2]
[dayday.plus/wp-content/themes/minimal-grid/assets/lib/bootstrap/fonts/glyphicons-halflings-regular.woff]
[dayday.plus/wp-content/themes/minimal-grid/assets/lib/bootstrap/fonts/glyphicons-halflings-regular.ttf]
[dayday.plus/wp-content/themes/minimal-grid/assets/lib/bootstrap/css/bootstrap.minc8f9.css]
[dayday.plus/wp-content/themes/minimal-grid/assets/lib/magnific-popup/magnific-popupc8f9.css]
[dayday.plus/wp-content/themes/minimal-grid/assets/lib/slick/css/slick.minc8f9.css]
[dayday.plus/wp-includes/js/mediaelement/mediaelementplayer-legacy.min45a0.css]
[dayday.plus/wp-includes/js/mediaelement/wp-mediaelement.minc8f9.css]
[dayday.plus/wp-content/themes/minimal-grid/stylec8f9.css]
[dayday.plus/wp-content/plugins/tablepress/css/tablepress.eot]
[dayday.plus/wp-content/plugins/tablepress/css/tablepressd41d.eot]
[dayday.plus/wp-content/plugins/tablepress/css/default.min2c00.css]
[dayday.plus/archives/category/绘画/feed]
[i.loli.net/2018/12/18/5c18fc2e88225.jpg]
[dayday.plus/archives/614.html]
[dayday.plus/archives/date/2018/12/18.html]
[i.loli.net/2018/12/16/5c15d19990e70.jpg]
[dayday.plus/archives/621.html]
[dayday.plus/archives/date/2018/12/15.html]
[i.loli.net/2018/11/01/5bda780a4afaf.jpg]
[dayday.plus/archives/625.html]
[dayday.plus/archives/date/2018/11/01.html]
[i.loli.net/2018/11/01/5bda721b7cd38.jpg]
[dayday.plus/archives/629.html]
[dayday.plus/archives/category/绘画.html]
[dayday.plus/archives/date/2018/07/17.html]
[dayday.plus/archives/category/相片/feed]
[i.loli.net/2019/08/31/ne51C8GuSqf7UbK.jpg]
[dayday.plus/archives/704.html]
[dayday.plus/archives/date/2018/08/31.html]
[i.loli.net/2019/08/31/tC9E2bwcWSXVA1g.jpg]
[dayday.plus/archives/713.html]
[dayday.plus/archives/date/2017/06/23.html]
[i.loli.net/2019/08/31/s9cKfRvXLFuBCbD.jpg]
[dayday.plus/archives/717.html]
[dayday.plus/archives/date/2016/10/03.html]
[i.loli.net/2019/08/31/DLdIqw9ZtR6pCsx.jpg]
[dayday.plus/archives/721.html]
[dayday.plus/archives/category/相片.html]
[dayday.plus/archives/date/2016/08/07.html]
[dayday.plus/wp-json/oembed/1.0/embed9e98.json]
[dayday.plus/wp-json/oembed/1.0/embed9d18]
[dayday.plus/special/托福独立写作技巧总结.html]
[dayday.plus/special/gre写作要点总结.html]
[dayday.plus/special/非常有启发性的gre长难句.html]
[dayday.plus/archives/tag/ethz.html]
[dayday.plus/archives/tag/东野圭吾.html]
[dayday.plus/archives/tag/交往.html]
[dayday.plus/archives/tag/人际关系.html]
[dayday.plus/archives/tag/侦探.html]
[dayday.plus/archives/tag/俄罗斯.html]
[dayday.plus/archives/tag/兰州.html]
[dayday.plus/archives/tag/写作.html]
[dayday.plus/archives/tag/加拿大.html]
[dayday.plus/archives/tag/历史.html]
[dayday.plus/archives/tag/咸阳.html]
[dayday.plus/archives/tag/备份.html]
[dayday.plus/archives/tag/心情.html]
[dayday.plus/archives/tag/心理学.html]
[dayday.plus/archives/tag/感悟.html]
[dayday.plus/archives/tag/文学.html]
[dayday.plus/archives/tag/方向，留学.html]
[dayday.plus/archives/tag/旅行.html]
[dayday.plus/archives/tag/日本文学.html]
[dayday.plus/archives/tag/樱花.html]
[dayday.plus/archives/tag/爵士乐.html]
[dayday.plus/archives/tag/瑞士.html]
[dayday.plus/archives/tag/生活.html]
[dayday.plus/archives/tag/申请.html]
[dayday.plus/archives/tag/留学.html]
[dayday.plus/archives/tag/相片.html]
[dayday.plus/archives/tag/社会.html]
[dayday.plus/archives/tag/种植.html]
[dayday.plus/archives/tag/科研.html]
[dayday.plus/archives/tag/纪念品.html]
[dayday.plus/archives/tag/网站.html]
[dayday.plus/archives/tag/苏村杂记.html]
[dayday.plus/archives/tag/蒙特利尔.html]
[dayday.plus/archives/tag/西安.html]
[dayday.plus/archives/tag/西安交大.html]
[dayday.plus/archives/tag/重庆.html]
[dayday.plus/archives/tag/青海.html]
[dayday.plus/archives/tag/音乐.html]
[dayday.plus/archives/tag/风景.html]
[dayday.plus/archives/tag/麦吉尔.html]
[dayday.plus/special.html]
[dayday.plus/archives/tag/黄河.html]
[dayday.plus/wp-json/oembed/1.0/embed85a3.json]
[dayday.plus/wp-json/oembed/1.0/embed0cbb]
[dayday.plus/足迹.html]
[dayday.plus/archives-557/feed]
[dayday.plus/wp-json/oembed/1.0/embed783e.json]
[dayday.plus/wp-json/oembed/1.0/embed6df8]
[dayday.plus/archives-55743c5.html]
[dayday.plus/archives-5579975.html]
[dayday.plus/archives-557e3e4.html]
[dayday.plus/archives-55778b4.html]
[dayday.plus/archives-557eb0a.html]
[dayday.plus/archives-55756b2.html]
[dayday.plus/archives-55720e7.html]
[dayday.plus/archives-557749e.html]
[dayday.plus/archives-557d28e.html]
[dayday.plus/archives-55774ab.html]
[dayday.plus/archives-557b993.html]
[dayday.plus/archives-55724ba.html]
[dayday.plus/archives-557c024.html]
[dayday.plus/archives-557610f.html]
[dayday.plus/archives-557fbcf.html]
[dayday.plus/archives-5572c01.html]
[dayday.plus/archives-5573d23.html]
[dayday.plus/archives-5571ba8.html]
[dayday.plus/archives-557d44c.html]
[dayday.plus/archives-557032b.html]
[dayday.plus/archives-557c358.html]
[dayday.plus/archives-557640a.html]
[dayday.plus/archives-557a518.html]
[dayday.plus/archives-55722d1.html]
[dayday.plus/archives-5573026.html]
[dayday.plus/archives-55757d3.html]
[dayday.plus/archives-5578b90.html]
[dayday.plus/archives-5573ed4.html]
[dayday.plus/archives-5572e08.html]
[dayday.plus/archives-55721e4.html]
[dayday.plus/archives-557ed49.html]
[dayday.plus/archives-557740f.html]
[dayday.plus/archives-557defb.html]
[dayday.plus/archives-557c916.html]
[dayday.plus/archives-557b621.html]
[dayday.plus/archives-55794a5.html]
[dayday.plus/archives-557fc06.html]
[dayday.plus/archives-5573094.html]
[dayday.plus/wp-includes/js/comment-reply.minc8f9.js]
[dayday.plus/archives-557.html]
[dayday.plus/friends/feed]
[dayday.plus/wp-json/oembed/1.0/embed8800.json]
[dayday.plus/wp-json/oembed/1.0/embed47da]
[dayday.plus/friendsd78a.html]
[dayday.plus/friends8245.html]
[dayday.plus/friends8a4a.html]
[dayday.plus/friendsb600.html]
[dayday.plus/friendsb90e.html]
[dayday.plus/friends1f32.html]
[dayday.plus/friendse953.html]
[dayday.plus/friends4c3e.html]
[dayday.plus/friendsaf71.html]
[dayday.plus/friends800a.html]
[dayday.plus/friends4bde.html]
[dayday.plus/friends9095.html]
[dayday.plus/friends51f2.html]
[dayday.plus/friends6fb6.html]
[dayday.plus/friends8dd1.html]
[dayday.plus/friends0bbd.html]
[dayday.plus/friends1401.html]
[dayday.plus/friends6126.html]
[dayday.plus/friendsf4c0.html]
[dayday.plus/friends3db2.html]
[dayday.plus/friends1884.html]
[dayday.plus/friendsb908.html]
[dayday.plus/friendsca59.html]
[dayday.plus/friends4a14.html]
[dayday.plus/friends4c69.html]
[dayday.plus/friends7e15.html]
[dayday.plus/friends2788.html]
[dayday.plus/friendsffb9.html]
[dayday.plus/friendsbaca.html]
[dayday.plus/friendscd54.html]
[dayday.plus/friends8033.html]
[dayday.plus/friends10e6.html]
[dayday.plus/friends3e91.html]
[dayday.plus/friends4d29.html]
[dayday.plus/friends6c56.html]
[dayday.plus/friends3b10.html]
[dayday.plus/friends2166.html]
[dayday.plus/friends7935.html]
[dayday.plus/friendsfaf1.html]
[dayday.plus/friends.html]
[dayday.plus/friends1dff.html]
[dayday.plus/wp-json/oembed/1.0/embeddc7d.json]
[dayday.plus/wp-json/oembed/1.0/embed1d5f]
[dayday.plus/archives/430.html]
[dayday.plus/archives/403.html]
[dayday.plus/archives/372.html]
[dayday.plus/archives/253.html]
[dayday.plus/archives/232.html]
[dayday.plus/archives/228.html]
[dayday.plus/archives/217.html]
[dayday.plus/archives/182.html]
[dayday.plus/archives/150.html]
[dayday.plus/archives/110.html]
[dayday.plus/archives/30.html]
[dayday.plus/archives/7.html]
[dayday.plus/archives/28.html]
[dayday.plus/archives/37.html]
[dayday.plus/archives/39.html]
[dayday.plus/archives/41.html]
[dayday.plus/archives/118.html]
[dayday.plus/archives/127.html]
[dayday.plus/archives/120.html]
[dayday.plus/archives/122.html]
[dayday.plus/archives/124.html]
[dayday.plus/archives/116.html]
[dayday.plus/archives/129.html]
[dayday.plus/archives/170.html]
[dayday.plus/archives/172.html]
[dayday.plus/archives/174.html]
[dayday.plus/archives/557.html]
[dayday.plus/all-posts.html]
[dayday.plus/archives/552.html]
[dayday.plus/wp-json/oembed/1.0/embedc6e5.json]
[dayday.plus/wp-json/oembed/1.0/embed0445]
[dayday.plus/关于.html]
[dayday.plus/wp-json/oembed/1.0/embed7443.json]
[dayday.plus/wp-json/oembed/1.0/embed24f0]
[dayday.plus/world.html]
[dayday.plus/archives/category/网站/feed]
[dayday.plus/archives/category/网站.html]
[dayday.plus/archives/893/feed]
[dayday.plus/wp-json/oembed/1.0/embed32aa.json]
[dayday.plus/wp-json/oembed/1.0/embed0527]
[dayday.plus/archives/author/icecrystals.html]
[i.loli.net/2019/12/15/OnHGy1uUlWZCKQ9.png]
[i.loli.net/2019/12/15/u42mKSf9BRpChtk.png]
[i.loli.net/2019/12/15/C8Ve3DfnkMPvg6y.png]
[i.loli.net/2019/12/15/SpQxUG4bsdJwr7K.png]
[i.loli.net/2019/12/15/wQh6oG7rCcgmRqs.png]
[i.loli.net/2019/12/15/l6pJsnbTGOf54aW.png]
[dayday.plus/archives/8938e31.html]
[dayday.plus/archives/8937f1f.html]
[dayday.plus/wp-content/plugins/easy-reading-mode/js/erm.js]
[dayday.plus/wp-content/plugins/easy-reading-mode/js/jquery.magnific-popup.min.js]
[dayday.plus/wp-content/plugins/easy-reading-mode/js/erm_popup.js]
[dayday.plus/archives/893.html]
[dayday.plus/archives/date/2019.html]
[dayday.plus/archives/date/2019/12/15.html]
[dayday.plus/archives/date/2019/12.html]
[dayday.plus/archives/category/留学/feed]
[dayday.plus/archives/date/2018/09/18.html]
[dayday.plus/archives/category/留学.html]
[dayday.plus/archives/date/2018/09/14.html]
[dayday.plus/archives/859/feed]
[dayday.plus/wp-json/oembed/1.0/embedd4ec.json]
[dayday.plus/wp-json/oembed/1.0/embed63da]
[i.loli.net/2019/12/11/zC7da4wb9Wqe1RI.png]
[dayday.plus/archives/859d361.html]
[dayday.plus/archives/85938ef.html]
[dayday.plus/archives/859b2aa.html]
[dayday.plus/archives/859.html]
[dayday.plus/archives/date/2019/12/11.html]
[dayday.plus/archives/859af7f.html]
[dayday.plus/archives/797/feed]
[dayday.plus/wp-json/oembed/1.0/embedeab2.json]
[dayday.plus/wp-json/oembed/1.0/embed2ab9]
[dayday.plus/archives/7977875.html]
[dayday.plus/archives/797e9d8.html]
[dayday.plus/archives/797a1a0.html]
[dayday.plus/archives/7976a36.html]
[dayday.plus/archives/79787d0.html]
[dayday.plus/archives/797d0a2.html]
[dayday.plus/archives/797ed6e.html]
[dayday.plus/archives/7973965.html]
[dayday.plus/archives/7974540.html]
[dayday.plus/archives/797.html]
[dayday.plus/archives/79700b2.html]
[dayday.plus/archives/date/2019/11/06.html]
[dayday.plus/archives/date/2019/11.html]
[dayday.plus/archives/740/feed]
[dayday.plus/wp-json/oembed/1.0/embedd3c6.json]
[dayday.plus/wp-json/oembed/1.0/embedac7c]
[i.loli.net/2019/09/29/elSoZ8Y6fUsBGJa.jpg]
[i.loli.net/2019/09/29/F8G6zMcvptjmY31.jpg]
[i.loli.net/2019/09/29/3aPJO5fq1AnE64y.jpg]
[i.loli.net/2019/09/29/IgRCshWYH5xXm6i.jpg]
[i.loli.net/2019/09/29/P6gpny4LjeW27fm.jpg]
[i.loli.net/2019/09/30/Up3ne4xh7CZ1Jo8.jpg]
[i.loli.net/2019/09/30/J6CdKcjFSH7DTm5.jpg]
[i.loli.net/2019/09/30/y7CIQDNBpPgblzu.jpg]
[dayday.plus/archives/7407918.html]
[dayday.plus/archives/7400ec2.html]
[dayday.plus/archives/740ae56.html]
[dayday.plus/archives/740b328.html]
[dayday.plus/archives/740f8e8.html]
[dayday.plus/archives/740aefa.html]
[dayday.plus/archives/74054af.html]
[dayday.plus/archives/740b3d4.html]
[dayday.plus/archives/7403edb.html]
[dayday.plus/archives/740e49c.html]
[dayday.plus/archives/7404cf3.html]
[dayday.plus/archives/7407714.html]
[dayday.plus/archives/7406b2e.html]
[dayday.plus/archives/7409f18.html]
[dayday.plus/archives/740960b.html]
[dayday.plus/archives/740e29b.html]
[dayday.plus/archives/740df58.html]
[dayday.plus/archives/740e954.html]
[dayday.plus/archives/7408ba8.html]
[dayday.plus/archives/7402f8e.html]
[dayday.plus/archives/7400800.html]
[dayday.plus/archives/74016cc.html]
[dayday.plus/archives/7406c19.html]
[dayday.plus/archives/74070dc.html]
[dayday.plus/archives/740.html]
[dayday.plus/archives/740fd0a.html]
[dayday.plus/archives/category/生活/feed]
[dayday.plus/archives/date/2019/01/07.html]
[dayday.plus/archives/date/2018/11/06.html]
[dayday.plus/archives/date/2018/10/21.html]
[dayday.plus/archives/date/2018/10/06.html]
[dayday.plus/archives/date/2018/09/12.html]
[dayday.plus/archives/date/2017/11/01.html]
[dayday.plus/archives/date/2017/10/04.html]
[dayday.plus/archives/category/生活.html]
[dayday.plus/archives/category/生活/page/2.html]
[dayday.plus/archives/date/2019/09/30.html]
[dayday.plus/archives/date/2019/09.html]
[dayday.plus/archives/642/feed]
[dayday.plus/wp-content/uploads/2019/08/SAI头像练习-1000x288.jpg]
[dayday.plus/wp-json/oembed/1.0/embedec33.json]
[dayday.plus/wp-json/oembed/1.0/embed0147]
[dayday.plus/archives/6424705.html]
[dayday.plus/archives/6421abf.html]
[dayday.plus/archives/64262de.html]
[dayday.plus/archives/642a764.html]
[dayday.plus/archives/642a1d4.html]
[dayday.plus/archives/6428af3.html]
[dayday.plus/archives/642e6fc.html]
[dayday.plus/archives/642461a.html]
[dayday.plus/archives/642c7b6.html]
[dayday.plus/archives/642aef1.html]
[dayday.plus/archives/642.html]
[dayday.plus/archives/642e972.html]
[dayday.plus/archives/date/2019/08/31.html]
[dayday.plus/archives/date/2019/08.html]
[dayday.plus/archives/610/feed]
[dayday.plus/wp-json/oembed/1.0/embed24e2.json]
[dayday.plus/wp-json/oembed/1.0/embed45b6]
[dayday.plus/archives/6106083.html]
[dayday.plus/archives/6105b38.html]
[dayday.plus/archives/6106edb.html]
[dayday.plus/archives/6101390.html]
[dayday.plus/archives/6107810.html]
[dayday.plus/archives/610.html]
[dayday.plus/archives/date/2019/08/30.html]
[dayday.plus/archives/61018e6.html]
[dayday.plus/archives/category/阅读/feed]
[dayday.plus/archives/date/2018/11/29.html]
[dayday.plus/archives/date/2018/10/30.html]
[dayday.plus/archives/date/2018/08/05.html]
[dayday.plus/archives/date/2018/07/27.html]
[dayday.plus/archives/date/2018/07/26.html]
[dayday.plus/archives/date/2018/07/22.html]
[dayday.plus/archives/date/2018/02/02.html]
[dayday.plus/archives/category/阅读.html]
[dayday.plus/archives/category/阅读/page/2.html]
[dayday.plus/archives/530/feed]
[dayday.plus/wp-json/oembed/1.0/embedab73.json]
[dayday.plus/wp-json/oembed/1.0/embedff3a]
[dayday.plus/archives/530b5cd.html]
[dayday.plus/archives/530384b.html]
[dayday.plus/archives/5305972.html]
[dayday.plus/archives/5309ac6.html]
[dayday.plus/archives/5309a29.html]
[dayday.plus/archives/5304f67.html]
[dayday.plus/archives/5309191.html]
[dayday.plus/archives/5308351.html]
[dayday.plus/archives/530c19c.html]
[dayday.plus/archives/530c771.html]
[dayday.plus/archives/5305d39.html]
[dayday.plus/archives/530.html]
[dayday.plus/archives/530d051.html]
[dayday.plus/archives/date/2019/05/12.html]
[dayday.plus/archives/date/2019/05.html]
[dayday.plus/archives/520/feed]
[dayday.plus/wp-json/oembed/1.0/embed3161.json]
[dayday.plus/wp-json/oembed/1.0/embedd07e]
[dayday.plus/archives/520f52b.html]
[dayday.plus/archives/520ede1.html]
[dayday.plus/archives/520013a.html]
[dayday.plus/archives/520583a.html]
[dayday.plus/archives/5208477.html]
[dayday.plus/archives/5201679.html]
[dayday.plus/archives/520.html]
[dayday.plus/archives/date/2019/05/11.html]
[dayday.plus/archives/494/feed]
[dayday.plus/archives/52031b8.html]
[dayday.plus/wp-json/oembed/1.0/embedeb2c.json]
[dayday.plus/wp-json/oembed/1.0/embed5ce3]
[dayday.plus/wp-content/uploads/2019/03/2019-03-12-16_54_58-Window-300x201.png]
[dayday.plus/wp-content/uploads/2019/03/IMG_9469-300x225.jpg]
[dayday.plus/archives/4949821.html]
[dayday.plus/archives/4945bfa.html]
[dayday.plus/archives/494cb1e.html]
[dayday.plus/archives/4941a4b.html]
[dayday.plus/archives/494d21f.html]
[dayday.plus/archives/49477c0.html]
[dayday.plus/archives/49419ed.html]
[dayday.plus/archives/49437b6.html]
[dayday.plus/archives/49471ce.html]
[dayday.plus/archives/494544e.html]
[dayday.plus/archives/494a3d0.html]
[dayday.plus/archives/4945eb7.html]
[dayday.plus/archives/49432cf.html]
[dayday.plus/archives/49421fc.html]
[dayday.plus/archives/4944106.html]
[dayday.plus/archives/494bb12.html]
[dayday.plus/archives/494.html]
[dayday.plus/archives/49428d0.html]
[dayday.plus/archives/date/2019/03/12.html]
[dayday.plus/archives/date/2019/03.html]
[dayday.plus/archives/category/书影和其他/feed]
[dayday.plus/archives/category/书影和其他.html]
[dayday.plus/archives/435/feed]
[dayday.plus/wp-json/oembed/1.0/embedd12b.json]
[dayday.plus/wp-json/oembed/1.0/embed5536]
[dayday.plus/archives/4358074.html]
[dayday.plus/archives/4351bd8.html]
[dayday.plus/archives/435a56d.html]
[dayday.plus/archives/435.html]
[dayday.plus/archives/4354ca9.html]
[dayday.plus/archives/date/2019/01/25.html]
[dayday.plus/archives/date/2019/01.html]
[dayday.plus/archives/category/旅行.html]
[dayday.plus/archives/date/2018/09/27.html]
[dayday.plus/page/2.html]
[dayday.plus/page/3.html]
[dayday.plus/archives/date/2016/08/04.html]
[dayday.plus/archives/date/2016/07/29.html]
[dayday.plus/archives/date/2016/07/22.html]
[dayday.plus/archives/date/1990/08/02.html]
[dayday.plus/page/5.html]
[dayday.plus/page/4.html]
[dayday.plus/wp-content/themes/minimal-grid/assets/lib/ionicons/fonts/ionicons28b5.svg]
[dayday.plus/wp-content/themes/minimal-grid/assets/lib/bootstrap/fonts/glyphicons-halflings-regular.svg]
[dayday.plus/wp-includes/js/mediaelement/mejs-controls.svg]
[dayday.plus/wp-json/oembed/1.0/embed0d52.json]
[dayday.plus/wp-json/oembed/1.0/embed79b8]
[dayday.plus/archives/614.html]
[dayday.plus/archives/date/2018.html]
[dayday.plus/archives/date/2018/12/18.html]
[dayday.plus/archives/date/2018/12.html]
[dayday.plus/wp-json/oembed/1.0/embeded8d.json]
[dayday.plus/wp-json/oembed/1.0/embedbf0c]
[dayday.plus/archives/621.html]
[dayday.plus/archives/date/2018/12/15.html]
[dayday.plus/wp-json/oembed/1.0/embed319d.json]
[dayday.plus/wp-json/oembed/1.0/embedf18e]
[dayday.plus/archives/625.html]
[dayday.plus/archives/date/2018/11/01.html]
[dayday.plus/archives/date/2018/11.html]
[dayday.plus/wp-json/oembed/1.0/embedad1f.json]
[dayday.plus/wp-json/oembed/1.0/embeda297]
[dayday.plus/archives/629.html]
[dayday.plus/archives/date/2018/07/17.html]
[dayday.plus/archives/date/2018/07.html]
[dayday.plus/wp-json/oembed/1.0/embed5b75.json]
[dayday.plus/wp-json/oembed/1.0/embed3a0b]
[i.loli.net/2019/08/31/KInvFSao1DCtmPN.jpg]
[i.loli.net/2019/08/31/WXhwp59ilmJtZaN.jpg]
[i.loli.net/2019/08/31/CjIHXrl3WK6eS4d.jpg]
[dayday.plus/archives/704.html]
[dayday.plus/archives/date/2018/08/31.html]
[dayday.plus/archives/date/2018/08.html]
[dayday.plus/wp-json/oembed/1.0/embed2ccb.json]
[dayday.plus/wp-json/oembed/1.0/embed099e]
[i.loli.net/2019/08/31/okCeyzVwdsBQOtc.jpg]
[i.loli.net/2019/08/31/Bgy1LrcUbZFjoWG.jpg]
[dayday.plus/archives/713.html]
[dayday.plus/archives/date/2017.html]
[dayday.plus/archives/date/2017/06/23.html]
[dayday.plus/archives/date/2017/06.html]
[dayday.plus/wp-json/oembed/1.0/embed729a.json]
[dayday.plus/wp-json/oembed/1.0/embed7389]
[i.loli.net/2019/08/31/57lctRiFJnjMgLQ.jpg]
[i.loli.net/2019/08/31/HgP3pyLxwXB6hEb.jpg]
[i.loli.net/2019/08/31/8AiqLCKkzlW5b2O.jpg]
[dayday.plus/archives/717.html]
[dayday.plus/archives/date/2016.html]
[dayday.plus/archives/date/2016/10/03.html]
[dayday.plus/archives/date/2016/10.html]
[dayday.plus/wp-json/oembed/1.0/embed360a.json]
[dayday.plus/wp-json/oembed/1.0/embed3fdd]
[i.loli.net/2019/08/31/twbIhyERuLMKfqV.jpg]
[i.loli.net/2019/08/31/XiHDkYrUt5pB8ls.jpg]
[i.loli.net/2019/08/31/P9TLxuaUS4w3FVt.jpg]
[i.loli.net/2019/08/31/DcZHMCWVjXtP9Ke.jpg]
[dayday.plus/archives/721.html]
[dayday.plus/archives/date/2016/08/07.html]
[dayday.plus/indexeffc.html]
[dayday.plus/archives/date/2016/08.html]
[dayday.plus/special/托福独立写作技巧总结-2.html]
[dayday.plus/wp-json/oembed/1.0/embed6966]
[dayday.plus/wp-json/oembed/1.0/embeda2e8]
[dayday.plus/special/托福独立写作技巧总结.html]
[dayday.plus/special/gre写作要点总结-2.html]
[dayday.plus/wp-json/oembed/1.0/embed1aff.json]
[dayday.plus/wp-json/oembed/1.0/embed123d]
[dayday.plus/special/gre写作要点总结.html]
[dayday.plus/wp-json/oembed/1.0/embed1fd7.json]
[dayday.plus/wp-json/oembed/1.0/embede90f]
[dayday.plus/special/非常有启发性的gre长难句.html]
[dayday.plus/archives/tag/ethz/feed]
[dayday.plus/archives/tag/ethz.html]
[dayday.plus/archives/tag/东野圭吾/feed]
[dayday.plus/archives/tag/东野圭吾.html]
[dayday.plus/archives/tag/交往/feed]
[dayday.plus/archives/tag/交往.html]
[dayday.plus/archives/tag/人际关系/feed]
[dayday.plus/archives/tag/人际关系.html]
[dayday.plus/archives/tag/侦探/feed]
[dayday.plus/archives/tag/侦探.html]
[dayday.plus/archives/tag/俄罗斯/feed]
[dayday.plus/archives/tag/俄罗斯.html]
[dayday.plus/archives/tag/兰州/feed]
[dayday.plus/archives/tag/兰州.html]
[dayday.plus/archives/tag/写作/feed]
[dayday.plus/archives/tag/写作.html]
[dayday.plus/archives/tag/加拿大/feed]
[dayday.plus/archives/tag/加拿大.html]
[dayday.plus/archives/date/2018/08/25.html]
[dayday.plus/archives/tag/历史/feed]
[dayday.plus/archives/category/文学.html]
[dayday.plus/archives/tag/历史.html]
[dayday.plus/archives/date/2018/03/18.html]
[dayday.plus/archives/tag/咸阳/feed]
[dayday.plus/archives/tag/咸阳.html]
[dayday.plus/archives/tag/备份/feed]
[dayday.plus/archives/tag/备份.html]
[dayday.plus/archives/tag/心情/feed]
[dayday.plus/archives/tag/心情.html]
[dayday.plus/archives/tag/心理学/feed]
[dayday.plus/archives/tag/心理学.html]
[dayday.plus/archives/tag/感悟/feed]
[dayday.plus/archives/category/电影.html]
[dayday.plus/archives/tag/感悟.html]
[dayday.plus/archives/date/2017/06/21.html]
[dayday.plus/archives/tag/文学/feed]
[dayday.plus/archives/tag/文学.html]
[dayday.plus/archives/tag/方向，留学/feed]
[dayday.plus/archives/tag/方向，留学.html]
[dayday.plus/archives/tag/旅行/feed]
[dayday.plus/archives/tag/旅行.html]
[dayday.plus/archives/tag/日本文学/feed]
[dayday.plus/archives/tag/日本文学.html]
[dayday.plus/archives/tag/樱花/feed]
[dayday.plus/archives/tag/樱花.html]
[dayday.plus/archives/tag/爵士乐/feed]
[dayday.plus/archives/tag/爵士乐.html]
[dayday.plus/archives/tag/瑞士/feed]
[dayday.plus/archives/tag/瑞士.html]
[dayday.plus/archives/tag/生活/feed]
[dayday.plus/archives/tag/生活.html]
[dayday.plus/archives/date/2017/07/09.html]
[dayday.plus/archives/tag/申请/feed]
[dayday.plus/archives/tag/申请.html]
[dayday.plus/archives/tag/留学/feed]
[dayday.plus/archives/tag/留学.html]
[dayday.plus/archives/tag/相片/feed]
[dayday.plus/archives/tag/相片.html]
[dayday.plus/archives/tag/社会/feed]
[dayday.plus/archives/tag/社会.html]
[dayday.plus/archives/tag/种植/feed]
[dayday.plus/archives/tag/种植.html]
[dayday.plus/archives/tag/科研/feed]
[dayday.plus/archives/tag/科研.html]
[dayday.plus/archives/tag/纪念品/feed]
[dayday.plus/archives/tag/纪念品.html]
[dayday.plus/archives/tag/网站/feed]
[dayday.plus/archives/tag/网站.html]
[dayday.plus/archives/tag/苏村杂记/feed]
[dayday.plus/archives/tag/苏村杂记.html]
[dayday.plus/archives/tag/蒙特利尔/feed]
[dayday.plus/archives/tag/蒙特利尔.html]
[dayday.plus/archives/tag/西安/feed]
[dayday.plus/archives/tag/西安.html]
[dayday.plus/archives/tag/西安交大/feed]
[dayday.plus/archives/tag/西安交大.html]
[dayday.plus/archives/tag/重庆/feed]
[dayday.plus/archives/tag/重庆.html]
[dayday.plus/archives/date/2017/06/26.html]
[dayday.plus/archives/tag/青海/feed]
[dayday.plus/archives/tag/青海.html]
[dayday.plus/archives/tag/音乐/feed]
[dayday.plus/archives/tag/音乐.html]
[dayday.plus/archives/tag/风景/feed]
[dayday.plus/archives/tag/风景.html]
[dayday.plus/archives/tag/麦吉尔/feed]
[dayday.plus/archives/tag/麦吉尔.html]
[dayday.plus/archives/tag/黄河/feed]
[dayday.plus/archives/tag/黄河.html]
[dayday.plus/index7ef4.html]
[dayday.plus/index65d2.html]
[dayday.plus/archives-55743c5.html]
[dayday.plus/archives-5579975.html]
[dayday.plus/archives-557e3e4.html]
[dayday.plus/archives-55778b4.html]
[dayday.plus/archives-557eb0a.html]
[dayday.plus/archives-55756b2.html]
[dayday.plus/archives-55720e7.html]
[dayday.plus/archives-557749e.html]
[dayday.plus/archives-557d28e.html]
[dayday.plus/archives-55774ab.html]
[dayday.plus/archives-557b993.html]
[dayday.plus/archives-55724ba.html]
[dayday.plus/archives-557c024.html]
[dayday.plus/archives-557610f.html]
[dayday.plus/archives-557fbcf.html]
[dayday.plus/archives-5572c01.html]
[dayday.plus/archives-5573d23.html]
[dayday.plus/archives-5571ba8.html]
[dayday.plus/archives-557d44c.html]
[dayday.plus/archives-557032b.html]
[dayday.plus/archives-557c358.html]
[dayday.plus/archives-557640a.html]
[dayday.plus/archives-557a518.html]
[dayday.plus/archives-55722d1.html]
[dayday.plus/archives-5573026.html]
[dayday.plus/archives-55757d3.html]
[dayday.plus/archives-5578b90.html]
[dayday.plus/archives-5573ed4.html]
[dayday.plus/archives-5572e08.html]
[dayday.plus/archives-55721e4.html]
[dayday.plus/archives-557ed49.html]
[dayday.plus/archives-557740f.html]
[dayday.plus/archives-557defb.html]
[dayday.plus/archives-557c916.html]
[dayday.plus/archives-557b621.html]
[dayday.plus/archives-55794a5.html]
[dayday.plus/archives-557fc06.html]
[dayday.plus/archives-5573094.html]
[dayday.plus/index3965.html]
[dayday.plus/xmlrpc.php]
[dayday.plus/friendsd78a.html]
[dayday.plus/friends8245.html]
[dayday.plus/friends8a4a.html]
[dayday.plus/friendsb600.html]
[dayday.plus/friendsb90e.html]
[dayday.plus/friends1f32.html]
[dayday.plus/friendse953.html]
[dayday.plus/friends4c3e.html]
[dayday.plus/friendsaf71.html]
[dayday.plus/friends800a.html]
[dayday.plus/friends4bde.html]
[dayday.plus/friends9095.html]
[dayday.plus/friends51f2.html]
[dayday.plus/friends6fb6.html]
[dayday.plus/friends8dd1.html]
[dayday.plus/friends0bbd.html]
[dayday.plus/friends1401.html]
[dayday.plus/friends6126.html]
[nekohome.moenya.cat/wp-content/uploads/2018/09/LOGO-1.html]
[dayday.plus/friendsf4c0.html]
[dayday.plus/friends3db2.html]
[dayday.plus/friends1884.html]
[dayday.plus/friendsb908.html]
[dayday.plus/friendsca59.html]
[dayday.plus/friends4a14.html]
[dayday.plus/friends4c69.html]
[dayday.plus/friends7e15.html]
[dayday.plus/friends2788.html]
[dayday.plus/friendsffb9.html]
[dayday.plus/friendsbaca.html]
[dayday.plus/friendscd54.html]
[dayday.plus/friends8033.html]
[dayday.plus/friends10e6.html]
[dayday.plus/friends3e91.html]
[dayday.plus/friends4d29.html]
[dayday.plus/friends6c56.html]
[dayday.plus/friends3b10.html]
[dayday.plus/friends2166.html]
[dayday.plus/friends7935.html]
[dayday.plus/friendsfaf1.html]
[dayday.plus/friends1dff.html]
[dayday.plus/index9ed5.html]
[dayday.plus/archives/430/feed]
[dayday.plus/wp-json/oembed/1.0/embed6f50.json]
[dayday.plus/wp-json/oembed/1.0/embedf654]
[dayday.plus/archives/430823b.html]
[dayday.plus/archives/430a68c.html]
[dayday.plus/archives/43078d9.html]
[dayday.plus/archives/43079f0.html]
[dayday.plus/archives/430b61b.html]
[dayday.plus/archives/430feb7.html]
[dayday.plus/archives/430e1d3.html]
[dayday.plus/archives/430d732.html]
[dayday.plus/archives/430eb13.html]
[dayday.plus/archives/430.html]
[dayday.plus/archives/43046e3.html]
[dayday.plus/archives/403/feed]
[dayday.plus/wp-json/oembed/1.0/embed95da.json]
[dayday.plus/wp-json/oembed/1.0/embed23ec]
[dayday.plus/wp-content/uploads/2018/11/2018-11-29-01_23_22-Window-40x300.png]
[dayday.plus/archives/403.html]
[dayday.plus/archives/372/feed]
[dayday.plus/wp-json/oembed/1.0/embed02db.json]
[dayday.plus/wp-json/oembed/1.0/embedec6d]
[dayday.plus/archives/372.html]
[dayday.plus/archives/253/feed]
[dayday.plus/wp-json/oembed/1.0/embed7469.json]
[dayday.plus/wp-json/oembed/1.0/embed0c64]
[dayday.plus/wp-content/uploads/2018/10/IMG_8594_副本-1-268x300.jpg]
[dayday.plus/archives/253/img_8597-min.html]
[dayday.plus/wp-content/uploads/2018/10/IMG_8597-min-150x150.jpg]
[dayday.plus/archives/253/img_8600-min.html]
[dayday.plus/wp-content/uploads/2018/10/IMG_8600-min-150x150.jpg]
[dayday.plus/archives/253/img_8649-min.html]
[dayday.plus/wp-content/uploads/2018/10/IMG_8649-min-150x150.jpg]
[dayday.plus/archives/253/img_8651-min.html]
[dayday.plus/wp-content/uploads/2018/10/IMG_8651-min-150x150.jpg]
[dayday.plus/archives/253/img_8617-min.html]
[dayday.plus/wp-content/uploads/2018/10/IMG_8617-min-150x150.jpg]
[dayday.plus/archives/253/img_8650-min.html]
[dayday.plus/wp-content/uploads/2018/10/IMG_8650-min-150x150.jpg]
[dayday.plus/archives/253/img_8654-min.html]
[dayday.plus/wp-content/uploads/2018/10/IMG_8654-min-150x150.jpg]
[dayday.plus/archives/253/img_8653-min.html]
[dayday.plus/wp-content/uploads/2018/10/IMG_8653-min-150x150.jpg]
[dayday.plus/archives/253/img_8623-min.html]
[dayday.plus/wp-content/uploads/2018/10/IMG_8623-min-150x150.jpg]
[dayday.plus/archives/253/img_8656-min.html]
[dayday.plus/wp-content/uploads/2018/10/IMG_8656-min-150x150.jpg]
[dayday.plus/archives/253.html]
[dayday.plus/archives/232/feed]
[dayday.plus/wp-json/oembed/1.0/embedd6b9.json]
[dayday.plus/wp-json/oembed/1.0/embed42ec]
[dayday.plus/wp-content/uploads/2018/10/牛油果1-1024x385.jpg]
[dayday.plus/wp-content/uploads/2018/10/牛油果2-300x225.jpg]
[dayday.plus/wp-content/uploads/2018/10/牛油果3-225x300.jpg]
[dayday.plus/archives/232.html]
[dayday.plus/archives/228/feed]
[dayday.plus/wp-json/oembed/1.0/embedc64c.json]
[dayday.plus/wp-json/oembed/1.0/embed6698]
[dayday.plus/archives/228.html]
[dayday.plus/archives/217/feed]
[dayday.plus/wp-json/oembed/1.0/embeded58.json]
[dayday.plus/wp-json/oembed/1.0/embeddad6]
[dayday.plus/archives/217.html]
[dayday.plus/archives/182/feed]
[dayday.plus/wp-json/oembed/1.0/embede502.json]
[dayday.plus/wp-json/oembed/1.0/embed4e42]
[dayday.plus/archives/182.html]
[dayday.plus/archives/150/feed]
[dayday.plus/wp-json/oembed/1.0/embedda6a.json]
[dayday.plus/wp-json/oembed/1.0/embeda888]
[dayday.plus/wp-content/uploads/2018/09/2018-09-13_16-59_000234-300x150.png]
[dayday.plus/wp-content/uploads/2018/09/2018-09-13_17-00_000235-267x300.png]
[dayday.plus/wp-content/uploads/2018/09/2018-09-13_17-43_000237-300x101.png]
[dayday.plus/wp-content/uploads/2018/09/2018-09-13_17-47_000238-206x300.png]
[dayday.plus/archives/150.html]
[dayday.plus/archives/110/feed]
[dayday.plus/wp-json/oembed/1.0/embedcc13.json]
[dayday.plus/wp-json/oembed/1.0/embedde8a]
[dayday.plus/wp-content/uploads/2018/09/IMG_8333-1-300x225.jpg]
[dayday.plus/archives/110.html]
[dayday.plus/archives/30/feed]
[dayday.plus/wp-json/oembed/1.0/embedb837.json]
[dayday.plus/wp-json/oembed/1.0/embedd44b]
[dayday.plus/archives/30.html]
[dayday.plus/wp-json/oembed/1.0/embed0217.json]
[dayday.plus/wp-json/oembed/1.0/embed2a4b]
[dayday.plus/archives/7.html]
[dayday.plus/wp-json/oembed/1.0/embedae90.json]
[dayday.plus/wp-json/oembed/1.0/embed2af9]
[dayday.plus/archives/28.html]
[dayday.plus/wp-json/oembed/1.0/embed417c.json]
[dayday.plus/wp-json/oembed/1.0/embed99ca]
[dayday.plus/archives/37.html]
[dayday.plus/wp-json/oembed/1.0/embeda761.json]
[dayday.plus/wp-json/oembed/1.0/embedcca9]
[dayday.plus/archives/39.html]
[dayday.plus/wp-json/oembed/1.0/embed51d9.json]
[dayday.plus/wp-json/oembed/1.0/embedfc61]
[dayday.plus/archives/41.html]
[dayday.plus/wp-json/oembed/1.0/embed6149.json]
[dayday.plus/wp-json/oembed/1.0/embed42f6]
[dayday.plus/archives/118.html]
[dayday.plus/wp-json/oembed/1.0/embed8025.json]
[dayday.plus/wp-json/oembed/1.0/embed80d1]
[dayday.plus/archives/127.html]
[dayday.plus/wp-json/oembed/1.0/embed6c18.json]
[dayday.plus/wp-json/oembed/1.0/embedff55]
[dayday.plus/archives/120.html]
[dayday.plus/wp-json/oembed/1.0/embedab50.json]
[dayday.plus/wp-json/oembed/1.0/embed545b]
[dayday.plus/archives/122.html]
[dayday.plus/wp-json/oembed/1.0/embedeee7.json]
[dayday.plus/wp-json/oembed/1.0/embed449d]
[dayday.plus/archives/124.html]
[dayday.plus/wp-json/oembed/1.0/embed0042.json]
[dayday.plus/wp-json/oembed/1.0/embed4ac1]
[dayday.plus/archives/116.html]
[dayday.plus/wp-json/oembed/1.0/embed0916.json]
[dayday.plus/wp-json/oembed/1.0/embedc7e5]
[dayday.plus/archives/129.html]
[dayday.plus/wp-json/oembed/1.0/embedade9.json]
[dayday.plus/wp-json/oembed/1.0/embed9620]
[dayday.plus/archives/170.html]
[dayday.plus/wp-json/oembed/1.0/embed18c8.json]
[dayday.plus/wp-json/oembed/1.0/embedf121]
[dayday.plus/archives/172.html]
[dayday.plus/wp-json/oembed/1.0/embede5d6.json]
[dayday.plus/wp-json/oembed/1.0/embedf07a]
[dayday.plus/archives/174.html]
[dayday.plus/archives/557/feed]
[dayday.plus/wp-json/oembed/1.0/embed4b81.json]
[dayday.plus/wp-json/oembed/1.0/embedb33c]
[dayday.plus/archives/557.html]
[dayday.plus/wp-json/oembed/1.0/embed3af5.json]
[dayday.plus/wp-json/oembed/1.0/embede04d]
[dayday.plus/archives/552.html]
[dayday.plus/index2cf9.html]
[dayday.plus/indexd0d3.html]
[dayday.plus/index0d49.html]
[dayday.plus/archives/author/icecrystals/feed]
[dayday.plus/archives/author/icecrystals/page/2.html]
[dayday.plus/archives/author/icecrystals.html]
[dayday.plus/archives/8938e31.html]
[dayday.plus/archives/8937f1f.html]
[dayday.plus/wp-content/plugins/easy-reading-mode/css/erm-stylec8f9.css]
[dayday.plus/wp-content/plugins/easy-reading-mode/css/magnific-popupc8f9.css]
[dayday.plus/archives/author/icecrystals/page/5.html]
[dayday.plus/archives/date/2019.html]
[dayday.plus/archives/date/2019/12.html]
[dayday.plus/archives/date/2019/page/2.html]
[dayday.plus/archives/date/2018/09/18.html]
[dayday.plus/archives/date/2018/09/14.html]
[dayday.plus/index049d.html]
[dayday.plus/archives/859d361.html]
[dayday.plus/archives/85938ef.html]
[dayday.plus/archives/859b2aa.html]
[dayday.plus/archives/859af7f.html]
[dayday.plus/index1ca9.html]
[dayday.plus/archives/7977875.html]
[dayday.plus/archives/797e9d8.html]
[dayday.plus/archives/797a1a0.html]
[dayday.plus/archives/7976a36.html]
[dayday.plus/archives/79787d0.html]
[dayday.plus/archives/797d0a2.html]
[dayday.plus/archives/797ed6e.html]
[dayday.plus/archives/date/2018/09.html]
[dayday.plus/archives/7973965.html]
[dayday.plus/archives/7974540.html]
[dayday.plus/archives/79700b2.html]
[dayday.plus/archives/date/2019/11.html]
[dayday.plus/index8da8.html]
[dayday.plus/archives/7407918.html]
[dayday.plus/archives/7400ec2.html]
[dayday.plus/archives/740ae56.html]
[dayday.plus/archives/740b328.html]
[dayday.plus/archives/740f8e8.html]
[dayday.plus/archives/740aefa.html]
[dayday.plus/archives/74054af.html]
[dayday.plus/archives/740b3d4.html]
[dayday.plus/archives/7403edb.html]
[dayday.plus/archives/740e49c.html]
[dayday.plus/archives/7404cf3.html]
[dayday.plus/archives/7407714.html]
[dayday.plus/archives/7406b2e.html]
[dayday.plus/archives/7409f18.html]
[dayday.plus/archives/740960b.html]
[dayday.plus/archives/740e29b.html]
[dayday.plus/archives/740df58.html]
[dayday.plus/archives/740e954.html]
[dayday.plus/archives/7408ba8.html]
[dayday.plus/archives/7402f8e.html]
[dayday.plus/archives/7400800.html]
[dayday.plus/archives/74016cc.html]
[dayday.plus/archives/7406c19.html]
[dayday.plus/archives/74070dc.html]
[dayday.plus/archives/740fd0a.html]
[dayday.plus/archives/date/2019/01/07.html]
[dayday.plus/archives/date/2018/11/06.html]
[dayday.plus/archives/date/2018/10/21.html]
[dayday.plus/archives/date/2018/10/06.html]
[dayday.plus/archives/date/2018/09/12.html]
[dayday.plus/archives/date/2018/10.html]
[dayday.plus/archives/date/2017/11/01.html]
[dayday.plus/archives/date/2017/11.html]
[dayday.plus/archives/date/2017/10/04.html]
[dayday.plus/archives/category/生活/page/2.html]
[dayday.plus/archives/date/2019/09.html]
[dayday.plus/indexd1c3.html]
[dayday.plus/archives/6424705.html]
[dayday.plus/archives/6421abf.html]
[dayday.plus/archives/64262de.html]
[dayday.plus/archives/642a764.html]
[dayday.plus/archives/642a1d4.html]
[dayday.plus/archives/6428af3.html]
[dayday.plus/archives/642e6fc.html]
[dayday.plus/archives/642461a.html]
[dayday.plus/archives/642c7b6.html]
[dayday.plus/archives/date/2017/10.html]
[dayday.plus/archives/642aef1.html]
[dayday.plus/archives/642e972.html]
[dayday.plus/archives/date/2019/08.html]
[dayday.plus/index0718.html]
[dayday.plus/archives/6106083.html]
[dayday.plus/archives/6105b38.html]
[dayday.plus/archives/6106edb.html]
[dayday.plus/archives/6101390.html]
[dayday.plus/archives/6107810.html]
[dayday.plus/archives/61018e6.html]
[dayday.plus/archives/date/2018/11/29.html]
[dayday.plus/archives/date/2018/10/30.html]
[dayday.plus/archives/date/2018/08/05.html]
[dayday.plus/archives/date/2018/07/27.html]
[dayday.plus/archives/date/2018/07/26.html]
[dayday.plus/archives/date/2018/07/22.html]
[dayday.plus/archives/date/2018/02/02.html]
[dayday.plus/archives/category/阅读/page/2.html]
[dayday.plus/indexde52.html]
[dayday.plus/archives/530b5cd.html]
[dayday.plus/archives/530384b.html]
[dayday.plus/archives/5305972.html]
[dayday.plus/archives/5309ac6.html]
[dayday.plus/archives/5309a29.html]
[dayday.plus/archives/5304f67.html]
[dayday.plus/archives/5309191.html]
[dayday.plus/archives/5308351.html]
[dayday.plus/archives/530c19c.html]
[dayday.plus/archives/530c771.html]
[dayday.plus/archives/5305d39.html]
[dayday.plus/archives/530d051.html]
[dayday.plus/archives/date/2018/02.html]
[dayday.plus/archives/date/2019/05.html]
[dayday.plus/indexc37e.html]
[dayday.plus/archives/520f52b.html]
[dayday.plus/archives/520ede1.html]
[dayday.plus/archives/520013a.html]
[dayday.plus/archives/520583a.html]
[dayday.plus/archives/5208477.html]
[dayday.plus/archives/5201679.html]
[dayday.plus/archives/52031b8.html]
[dayday.plus/indexdba8.html]
[dayday.plus/archives/4949821.html]
[dayday.plus/archives/4945bfa.html]
[dayday.plus/archives/494cb1e.html]
[dayday.plus/archives/4941a4b.html]
[dayday.plus/archives/494d21f.html]
[dayday.plus/archives/49477c0.html]
[dayday.plus/archives/49419ed.html]
[dayday.plus/archives/49437b6.html]
[dayday.plus/archives/49471ce.html]
[dayday.plus/archives/494544e.html]
[dayday.plus/archives/494a3d0.html]
[dayday.plus/archives/4945eb7.html]
[dayday.plus/archives/49432cf.html]
[dayday.plus/archives/49421fc.html]
[dayday.plus/archives/4944106.html]
[dayday.plus/archives/494bb12.html]
[dayday.plus/archives/49428d0.html]
[dayday.plus/archives/date/2019/03.html]
[dayday.plus/index6205.html]
[dayday.plus/archives/4358074.html]
[dayday.plus/archives/4351bd8.html]
[dayday.plus/archives/435a56d.html]
[dayday.plus/archives/4354ca9.html]
[dayday.plus/archives/date/2019/01.html]
[dayday.plus/archives/category/旅行/feed]
[dayday.plus/archives/category/旅行.html]
[dayday.plus/archives/date/2018/09/27.html]
[dayday.plus/page/3.html]
[dayday.plus/archives/date/2016/08/04.html]
[dayday.plus/archives/date/2016/07/29.html]
[dayday.plus/archives/date/2016/07/22.html]
[dayday.plus/archives/date/2016/07.html]
[dayday.plus/archives/date/1990.html]
[dayday.plus/archives/date/1990/08/02.html]
[dayday.plus/page/4.html]
[dayday.plus/index08c1.html]
[dayday.plus/archives/date/1990/08.html]
[dayday.plus/archives/date/2018/page/2.html]
[dayday.plus/archives/date/2018.html]
[dayday.plus/archives/date/2018/12.html]
[dayday.plus/indexb022.html]
[dayday.plus/index8962.html]
[dayday.plus/archives/date/2018/11.html]
[dayday.plus/indexe703.html]
[dayday.plus/archives/date/2018/07.html]
[dayday.plus/index5d09.html]
[dayday.plus/archives/date/2018/08.html]
[dayday.plus/index2e8b.html]
[dayday.plus/archives/date/2017.html]
[dayday.plus/archives/date/2017/06.html]
[dayday.plus/index6683.html]
[dayday.plus/archives/date/2016.html]
[dayday.plus/archives/date/2016/10.html]
[dayday.plus/index8bfb.html]
[dayday.plus/archives/date/2016/08.html]
[dayday.plus/archives/date/2018/page/3.html]
[dayday.plus/special/托福独立写作技巧总结-2.html]
[dayday.plus/index258b.html]
[dayday.plus/special/gre写作要点总结-2.html]
[dayday.plus/index834e.html]
[dayday.plus/index601c.html]
[dayday.plus/archives/date/2018/08/25.html]
[dayday.plus/archives/category/文学/feed]
[dayday.plus/archives/category/文学.html]
[dayday.plus/archives/date/2018/03/18.html]
[dayday.plus/archives/date/2018/03.html]
[dayday.plus/archives/category/电影/feed]
[dayday.plus/archives/category/电影.html]
[dayday.plus/archives/date/2017/06/21.html]
[dayday.plus/archives/date/2017/07/09.html]
[dayday.plus/archives/date/2017/06/26.html]
[dayday.plus/indexbdc5.html]
[dayday.plus/archives/430823b.html]
[dayday.plus/archives/430a68c.html]
[dayday.plus/archives/43078d9.html]
[dayday.plus/archives/43079f0.html]
[dayday.plus/archives/430b61b.html]
[dayday.plus/archives/430feb7.html]
[dayday.plus/archives/430e1d3.html]
[dayday.plus/archives/430d732.html]
[dayday.plus/archives/430eb13.html]
[dayday.plus/archives/43046e3.html]
[dayday.plus/index23ea.html]
[dayday.plus/indexc3ba.html]
[dayday.plus/index5ed0.html]
[dayday.plus/archives/date/2017/07.html]
[dayday.plus/archives/253/img_8597-min/feed]
[dayday.plus/wp-json/oembed/1.0/embed46a9.json]
[dayday.plus/wp-json/oembed/1.0/embed9e49]
[dayday.plus/wp-content/uploads/2018/10/IMG_8597-min.jpg]
[dayday.plus/wp-content/uploads/2018/10/IMG_8597-min-300x225.jpg]
[dayday.plus/archives/253/img_8597-min.html]
[dayday.plus/archives/253/img_8600-min/feed]
[dayday.plus/wp-json/oembed/1.0/embedd027.json]
[dayday.plus/wp-json/oembed/1.0/embed3781]
[dayday.plus/wp-content/uploads/2018/10/IMG_8600-min.jpg]
[dayday.plus/wp-content/uploads/2018/10/IMG_8600-min-214x300.jpg]
[dayday.plus/archives/253/img_8600-min.html]
[dayday.plus/archives/253/img_8649-min/feed]
[dayday.plus/wp-json/oembed/1.0/embed7dd4.json]
[dayday.plus/wp-json/oembed/1.0/embedb9ee]
[dayday.plus/wp-content/uploads/2018/10/IMG_8649-min.jpg]
[dayday.plus/wp-content/uploads/2018/10/IMG_8649-min-225x300.jpg]
[dayday.plus/archives/253/img_8649-min.html]
[dayday.plus/archives/253/img_8651-min/feed]
[dayday.plus/wp-json/oembed/1.0/embed564e.json]
[dayday.plus/wp-json/oembed/1.0/embedbc80]
[dayday.plus/wp-content/uploads/2018/10/IMG_8651-min.jpg]
[dayday.plus/wp-content/uploads/2018/10/IMG_8651-min-300x225.jpg]
[dayday.plus/archives/253/img_8651-min.html]
[dayday.plus/archives/253/img_8617-min/feed]
[dayday.plus/wp-json/oembed/1.0/embed2c90.json]
[dayday.plus/wp-json/oembed/1.0/embedc1de]
[dayday.plus/wp-content/uploads/2018/10/IMG_8617-min.jpg]
[dayday.plus/wp-content/uploads/2018/10/IMG_8617-min-300x225.jpg]
[dayday.plus/archives/253/img_8617-min.html]
[dayday.plus/archives/253/img_8650-min/feed]
[dayday.plus/wp-json/oembed/1.0/embed0352.json]
[dayday.plus/wp-json/oembed/1.0/embeddade]
[dayday.plus/wp-content/uploads/2018/10/IMG_8650-min.jpg]
[dayday.plus/wp-content/uploads/2018/10/IMG_8650-min-300x225.jpg]
[dayday.plus/archives/253/img_8650-min.html]
[dayday.plus/archives/253/img_8654-min/feed]
[dayday.plus/wp-json/oembed/1.0/embed875f.json]
[dayday.plus/wp-json/oembed/1.0/embedaa89]
[dayday.plus/wp-content/uploads/2018/10/IMG_8654-min.jpg]
[dayday.plus/wp-content/uploads/2018/10/IMG_8654-min-300x225.jpg]
[dayday.plus/archives/253/img_8654-min.html]
[dayday.plus/archives/253/img_8653-min/feed]
[dayday.plus/wp-json/oembed/1.0/embed0c47.json]
[dayday.plus/wp-json/oembed/1.0/embed266f]
[dayday.plus/wp-content/uploads/2018/10/IMG_8653-min.jpg]
[dayday.plus/wp-content/uploads/2018/10/IMG_8653-min-221x300.jpg]
[dayday.plus/archives/253/img_8653-min.html]
[dayday.plus/archives/253/img_8623-min/feed]
[dayday.plus/wp-json/oembed/1.0/embed9093.json]
[dayday.plus/wp-json/oembed/1.0/embed0fbc]
[dayday.plus/wp-content/uploads/2018/10/IMG_8623-min.jpg]
[dayday.plus/wp-content/uploads/2018/10/IMG_8623-min-225x300.jpg]
[dayday.plus/archives/253/img_8623-min.html]
[dayday.plus/archives/253/img_8656-min/feed]
[dayday.plus/wp-json/oembed/1.0/embed4146.json]
[dayday.plus/wp-json/oembed/1.0/embedba09]
[dayday.plus/wp-content/uploads/2018/10/IMG_8656-min.jpg]
[dayday.plus/wp-content/uploads/2018/10/IMG_8656-min-300x225.jpg]
[dayday.plus/archives/253/img_8656-min.html]
[dayday.plus/index80c9.html]
[dayday.plus/index6eea.html]
[dayday.plus/indexc094.html]
[dayday.plus/index7b17.html]
[dayday.plus/index56d6.html]
[dayday.plus/index5f87.html]
[dayday.plus/index5643.html]
[dayday.plus/indexc4f7.html]
[dayday.plus/index3c55.html]
[dayday.plus/index4837.html]
[dayday.plus/indexba52.html]
[dayday.plus/indexcbb6.html]
[dayday.plus/indexdb4e.html]
[dayday.plus/index9751.html]
[dayday.plus/index2c90.html]
[dayday.plus/indexdb84.html]
[dayday.plus/indexd4a6.html]
[dayday.plus/indexd78c.html]
[dayday.plus/index1c00.html]
[dayday.plus/index5e74.html]
[dayday.plus/indexf4d1.html]
[dayday.plus/index0325.html]
[dayday.plus/indexc9d1.html]
[dayday.plus/index5195.html]
[dayday.plus/archives/author/icecrystals/page/3.html]
[dayday.plus/archives/author/icecrystals/page/2.html]
[dayday.plus/archives/author/icecrystals/page/5.html]
[dayday.plus/archives/date/2019/page/2.html]
[dayday.plus/archives/author/icecrystals/page/4.html]
[dayday.plus/archives/date/2018/09.html]
[dayday.plus/archives/date/2018/10.html]
[dayday.plus/archives/date/2017/11.html]
[dayday.plus/archives/date/2017/10.html]
[dayday.plus/archives/date/2018/02.html]
[dayday.plus/archives/date/2016/07.html]
[dayday.plus/archives/date/1990.html]
[dayday.plus/archives/date/1990/08.html]
[wp-content/MathJax-master/es5/tex-chtmlba2f.js]
[dayday.plus/archives/date/2018/page/2.html]
[dayday.plus/archives/date/2018/page/3.html]
[dayday.plus/archives/date/2018/03.html]
[dayday.plus/archives/date/2017/07.html]
[dayday.plus/index67bc.html]
[dayday.plus/index5295.html]
[dayday.plus/indexcde3.html]
[dayday.plus/indexd251.html]
[dayday.plus/index0776.html]
[dayday.plus/index7dad.html]
[dayday.plus/indexd0b8.html]
[dayday.plus/index0b1f.html]
[dayday.plus/index820e.html]
[dayday.plus/index2af5.html]
[dayday.plus/archives/author/icecrystals/index.html]
[dayday.plus/archives/author/icecrystals/page/3.html]
[dayday.plus/archives/author/icecrystals/page/4.html]
[dayday.plus/archives/date/2019/index.html]
[dayday.plus/archives/date/2018/index.html]
